injecting tag1 content
...
injecting include content...
injecting tag3 content
...
end of file
