Inject the include content
Should not inject the tag again
