 temp files should not be affected. this will have trailing because there is an empty line after it
