This example writes to a temp file, then include it
This line should be in the output
Now we include it
 this is content
 in the temp.out file
