Hello
Hello
-TXTPP#run cat foo.txt.txtpp
World
World
