C will be processed fine even even if only a.txt.txtpp is passed in because of chaining
