===start b1===
hello!
===end b1===
===start b2===
hello!
===end b2===
