===start c===
run some command first
 processing c.txtpp

include a file
    I am c1
===end c===
